Last login: Sun Dec 15 17:11:06 on ttys001
-zsh
maxmelander@Maxs-MacBook-Pro ~ % -zsh
zsh: command not found: -zsh
maxmelander@Maxs-MacBook-Pro ~ % cd /users/maxmelander/ticktick-mcp

maxmelander@Maxs-MacBook-Pro ticktick-mcp % git add .
maxmelander@Maxs-MacBook-Pro ticktick-mcp % git commit -m "feat: Add OAuth2 authentication, task tools, and comprehensive documentation"

[main ef03b92] feat: Add OAuth2 authentication, task tools, and comprehensive documentation
 6 files changed, 473 insertions(+), 40 deletions(-)
 create mode 100644 src/ticktick_mcp/tools/__init__.py
 create mode 100644 src/ticktick_mcp/tools/task_tools.py
 create mode 100644 src/ticktick_mcp/utils/oauth.py
maxmelander@Maxs-MacBook-Pro ticktick-mcp % git push origin main

Enumerating objects: 19, done.
Counting objects: 100% (19/19), done.
Delta compression using up to 8 threads
Compressing objects: 100% (11/11), done.
Writing objects: 100% (12/12), 5.72 KiB | 5.72 MiB/s, done.
Total 12 (delta 2), reused 0 (delta 0), pack-reused 0 (from 0)
remote: Resolving deltas: 100% (2/2), completed with 2 local objects.
To https://github.com/m3lander/ticktick-mcp.git
   f0a1630..ef03b92  main -> main
maxmelander@Maxs-MacBook-Pro ticktick-mcp % git checkout master
error: pathspec 'master' did not match any file(s) known to git
maxmelander@Maxs-MacBook-Pro ticktick-mcp % git push origin --delete master

To https://github.com/m3lander/ticktick-mcp.git
 ! [remote rejected] master (refusing to delete the current branch: refs/heads/master)
error: failed to push some refs to 'https://github.com/m3lander/ticktick-mcp.git'
maxmelander@Maxs-MacBook-Pro ticktick-mcp % git push origin --delete master
To https://github.com/m3lander/ticktick-mcp.git
 ! [remote rejected] master (refusing to delete the current branch: refs/heads/master)
error: failed to push some refs to 'https://github.com/m3lander/ticktick-mcp.git'
maxmelander@Maxs-MacBook-Pro ticktick-mcp % git push origin --delete master
To https://github.com/m3lander/ticktick-mcp.git
 ! [remote rejected] master (refusing to delete the current branch: refs/heads/master)
error: failed to push some refs to 'https://github.com/m3lander/ticktick-mcp.git'
maxmelander@Maxs-MacBook-Pro ticktick-mcp % git push origin --delete master
To https://github.com/m3lander/ticktick-mcp.git
 ! [remote rejected] master (refusing to delete the current branch: refs/heads/master)
error: failed to push some refs to 'https://github.com/m3lander/ticktick-mcp.git'
maxmelander@Maxs-MacBook-Pro ticktick-mcp % git push origin --delete master
To https://github.com/m3lander/ticktick-mcp.git
 ! [remote rejected] master (refusing to delete the current branch: refs/heads/master)
error: failed to push some refs to 'https://github.com/m3lander/ticktick-mcp.git'
maxmelander@Maxs-MacBook-Pro ticktick-mcp % git status
On branch main
Your branch is up to date with 'origin/main'.

nothing to commit, working tree clean
maxmelander@Maxs-MacBook-Pro ticktick-mcp % git pull origin master
From https://github.com/m3lander/ticktick-mcp
 * branch            master     -> FETCH_HEAD
hint: You have divergent branches and need to specify how to reconcile them.
hint: You can do so by running one of the following commands sometime before
hint: your next pull:
hint:
hint:   git config pull.rebase false  # merge
hint:   git config pull.rebase true   # rebase
hint:   git config pull.ff only       # fast-forward only
hint:
hint: You can replace "git config" with "git config --global" to set a default
hint: preference for all repositories. You can also pass --rebase, --no-rebase,
hint: or --ff-only on the command line to override the configured default per
hint: invocation.
fatal: Need to specify how to reconcile divergent branches.
maxmelander@Maxs-MacBook-Pro ticktick-mcp % git pull origin master
From https://github.com/m3lander/ticktick-mcp
 * branch            master     -> FETCH_HEAD
hint: You have divergent branches and need to specify how to reconcile them.
hint: You can do so by running one of the following commands sometime before
hint: your next pull:
hint:
hint:   git config pull.rebase false  # merge
hint:   git config pull.rebase true   # rebase
hint:   git config pull.ff only       # fast-forward only
hint:
hint: You can replace "git config" with "git config --global" to set a default
hint: preference for all repositories. You can also pass --rebase, --no-rebase,
hint: or --ff-only on the command line to override the configured default per
hint: invocation.
fatal: Need to specify how to reconcile divergent branches.
maxmelander@Maxs-MacBook-Pro ticktick-mcp % git branch
* main
maxmelander@Maxs-MacBook-Pro ticktick-mcp % git status
On branch main
Your branch is up to date with 'origin/main'.

nothing to commit, working tree clean
maxmelander@Maxs-MacBook-Pro ticktick-mcp % git config pull.rebase false
maxmelander@Maxs-MacBook-Pro ticktick-mcp % git pull origin master
From https://github.com/m3lander/ticktick-mcp
 * branch            master     -> FETCH_HEAD
fatal: refusing to merge unrelated histories
maxmelander@Maxs-MacBook-Pro ticktick-mcp % git config pull.rebase false
maxmelander@Maxs-MacBook-Pro ticktick-mcp % git pull origin master
From https://github.com/m3lander/ticktick-mcp
 * branch            master     -> FETCH_HEAD
fatal: refusing to merge unrelated histories
maxmelander@Maxs-MacBook-Pro ticktick-mcp % git checkout main
Already on 'main'
Your branch is up to date with 'origin/main'.
maxmelander@Maxs-MacBook-Pro ticktick-mcp % git git show origin/master
git: 'git' is not a git command. See 'git --help'.

The most similar command is
	init
maxmelander@Maxs-MacBook-Pro ticktick-mcp % git show origin/master
commit 9fbcc71d78f7b0b7ccf013e926a7702f55e26efe (origin/master, origin/HEAD)
Author: Max <melanderhgs@gmail.com>
Date:   Sun Dec 15 17:06:36 2024 +0000

    Add README.md

diff --git a/README.md b/README.md
new file mode 100644
index 0000000..124414a
--- /dev/null
+++ b/README.md
@@ -0,0 +1,50 @@
+# TickTick MCP Server
+
+A Model Context Protocol (MCP) server implementation for TickTick integration. This server allows AI assistants to interact with TickTick for task management, list organization, and productivity workflows.
+
+## Features
+
+- Full TickTick API integration through MCP
+- Task management (create, read, update, delete)
+- List and project organization
+- Natural language task creation
+- Template-based workflows
+- Secure authentication handling
+- Efficient caching
+
+## Installation
+
+```bash
+# Install using poetry
+poetry install
+
+# Or using pip
+pip install .
+```
+
+## Configuration
+
+Create a .env file with your TickTick API credentials:
+
+```env
+TICKTICK_CLIENT_ID=your_client_id
+TICKTICK_CLIENT_SECRET=your_client_secret
+```
+
+## Usage
+
+```bash
+# Start the MCP server
+ticktick-mcp
+
 ESCOC






















































6efe (origin/master, origin/HEAD)













ementation for TickTick integration. This server allows AI assistants to interact with>



P
elete)


















credentials:














 ESCOC




































































erver allows AI assistants to interact with TickTick for task management, list organiz>






































 ESCOD






















































6efe (origin/master, origin/HEAD)













ementation for TickTick integration. This server allows AI assistants to interact with>



P
elete)


















credentials:














 ESCOD






















































commit 9fbcc71d78f7b0b7ccf013e926a7702f55e26efe (origin/master, origin/HEAD)
Author: Max <melanderhgs@gmail.com>
Date:   Sun Dec 15 17:06:36 2024 +0000

    Add README.md

diff --git a/README.md b/README.md
new file mode 100644
index 0000000..124414a
--- /dev/null
+++ b/README.md
@@ -0,0 +1,50 @@
+# TickTick MCP Server
+
+A Model Context Protocol (MCP) server implementation for TickTick integration. This server allows AI assistants to interact with TickTick for task management, list organization, and productivity workflows.
+
+## Features
+
+- Full TickTick API integration through MCP
+- Task management (create, read, update, delete)
+- List and project organization
+- Natural language task creation
+- Template-based workflows
+- Secure authentication handling
+- Efficient caching
+
+## Installation
+
+```bash
+# Install using poetry
+poetry install
+
+# Or using pip
+pip install .
+```
+
+## Configuration
+
+Create a .env file with your TickTick API credentials:
+
+```env
+TICKTICK_CLIENT_ID=your_client_id
+TICKTICK_CLIENT_SECRET=your_client_secret
+```
+
+## Usage
+
+```bash
+# Start the MCP server
+ticktick-mcp
+
 ESCOD






















































commit 9fbcc71d78f7b0b7ccf013e926a7702f55e26efe (origin/master, origin/HEAD)
Author: Max <melanderhgs@gmail.com>
Date:   Sun Dec 15 17:06:36 2024 +0000

    Add README.md

diff --git a/README.md b/README.md
new file mode 100644
index 0000000..124414a
--- /dev/null
+++ b/README.md
@@ -0,0 +1,50 @@
+# TickTick MCP Server
+
+A Model Context Protocol (MCP) server implementation for TickTick integration. This server allows AI assistants to interact with TickTick for task management, list organization, and productivity workflows.
+
+## Features
+
+- Full TickTick API integration through MCP
+- Task management (create, read, update, delete)
+- List and project organization
+- Natural language task creation
+- Template-based workflows
+- Secure authentication handling
+- Efficient caching
+
+## Installation
+
+```bash
+# Install using poetry
+poetry install
+
+# Or using pip
+pip install .
+```
+
+## Configuration
+
+Create a .env file with your TickTick API credentials:
+
+```env
+TICKTICK_CLIENT_ID=your_client_id
+TICKTICK_CLIENT_SECRET=your_client_secret
+```
+
+## Usage
+
+```bash
+# Start the MCP server
+ticktick-mcp
+
:
